== Starting the middleware stack (postgres / qdrant / meilisearch / rustfs) ==
 Network pneuma-lcr2609-06-461f_default  Creating
 Network pneuma-lcr2609-06-461f_default  Created
 Container pneuma-lcr2609-06-461f-rustfs-1  Creating
 Container pneuma-lcr2609-06-461f-qdrant-1  Creating
 Container pneuma-lcr2609-06-461f-postgres-1  Creating
 Container pneuma-lcr2609-06-461f-meilisearch-1  Creating
 Container pneuma-lcr2609-06-461f-postgres-1  Created
 Container pneuma-lcr2609-06-461f-meilisearch-1  Created
 Container pneuma-lcr2609-06-461f-rustfs-1  Created
 Container pneuma-lcr2609-06-461f-qdrant-1  Created
 Container pneuma-lcr2609-06-461f-rustfs-1  Starting
 Container pneuma-lcr2609-06-461f-postgres-1  Starting
 Container pneuma-lcr2609-06-461f-qdrant-1  Starting
 Container pneuma-lcr2609-06-461f-meilisearch-1  Starting
 Container pneuma-lcr2609-06-461f-rustfs-1  Started
 Container pneuma-lcr2609-06-461f-meilisearch-1  Started
 Container pneuma-lcr2609-06-461f-qdrant-1  Started
 Container pneuma-lcr2609-06-461f-postgres-1  Started
 Container pneuma-lcr2609-06-461f-rustfs-1  Waiting
 Container pneuma-lcr2609-06-461f-postgres-1  Waiting
 Container pneuma-lcr2609-06-461f-qdrant-1  Waiting
 Container pneuma-lcr2609-06-461f-meilisearch-1  Waiting
 Container pneuma-lcr2609-06-461f-rustfs-1  Healthy
 Container pneuma-lcr2609-06-461f-meilisearch-1  Healthy
 Container pneuma-lcr2609-06-461f-qdrant-1  Healthy
 Container pneuma-lcr2609-06-461f-postgres-1  Healthy
  Stack ready: pg :51269  qdrant :30705  meili :30209  rustfs :55565
app-06: questions=114 complete=0 remaining=114
app-06: answered=25/114
app-06: answered=50/114
app-06: answered=75/114
app-06: answered=100/114
app-06: answered=114/114
app-06: failures=0
 Container pneuma-lcr2609-06-461f-meilisearch-1  Stopping
 Container pneuma-lcr2609-06-461f-postgres-1  Stopping
 Container pneuma-lcr2609-06-461f-qdrant-1  Stopping
 Container pneuma-lcr2609-06-461f-rustfs-1  Stopping
 Container pneuma-lcr2609-06-461f-meilisearch-1  Stopped
 Container pneuma-lcr2609-06-461f-meilisearch-1  Removing
 Container pneuma-lcr2609-06-461f-meilisearch-1  Removed
 Container pneuma-lcr2609-06-461f-rustfs-1  Stopped
 Container pneuma-lcr2609-06-461f-rustfs-1  Removing
 Container pneuma-lcr2609-06-461f-rustfs-1  Removed
 Container pneuma-lcr2609-06-461f-postgres-1  Stopped
 Container pneuma-lcr2609-06-461f-postgres-1  Removing
 Container pneuma-lcr2609-06-461f-postgres-1  Removed
 Container pneuma-lcr2609-06-461f-qdrant-1  Stopped
 Container pneuma-lcr2609-06-461f-qdrant-1  Removing
 Container pneuma-lcr2609-06-461f-qdrant-1  Removed
 Network pneuma-lcr2609-06-461f_default  Removing
 Network pneuma-lcr2609-06-461f_default  Removed
== Starting the middleware stack (postgres / qdrant / meilisearch / rustfs) ==
 Network pneuma-lcr2609-06-461f_default  Creating
 Network pneuma-lcr2609-06-461f_default  Created
 Container pneuma-lcr2609-06-461f-qdrant-1  Creating
 Container pneuma-lcr2609-06-461f-meilisearch-1  Creating
 Container pneuma-lcr2609-06-461f-rustfs-1  Creating
 Container pneuma-lcr2609-06-461f-postgres-1  Creating
 Container pneuma-lcr2609-06-461f-meilisearch-1  Created
 Container pneuma-lcr2609-06-461f-qdrant-1  Created
 Container pneuma-lcr2609-06-461f-postgres-1  Created
 Container pneuma-lcr2609-06-461f-rustfs-1  Created
 Container pneuma-lcr2609-06-461f-postgres-1  Starting
 Container pneuma-lcr2609-06-461f-rustfs-1  Starting
 Container pneuma-lcr2609-06-461f-meilisearch-1  Starting
 Container pneuma-lcr2609-06-461f-qdrant-1  Starting
 Container pneuma-lcr2609-06-461f-postgres-1  Started
 Container pneuma-lcr2609-06-461f-qdrant-1  Started
 Container pneuma-lcr2609-06-461f-rustfs-1  Started
 Container pneuma-lcr2609-06-461f-meilisearch-1  Started
 Container pneuma-lcr2609-06-461f-postgres-1  Waiting
 Container pneuma-lcr2609-06-461f-qdrant-1  Waiting
 Container pneuma-lcr2609-06-461f-meilisearch-1  Waiting
 Container pneuma-lcr2609-06-461f-rustfs-1  Waiting
 Container pneuma-lcr2609-06-461f-qdrant-1  Healthy
 Container pneuma-lcr2609-06-461f-postgres-1  Healthy
 Container pneuma-lcr2609-06-461f-rustfs-1  Healthy
 Container pneuma-lcr2609-06-461f-meilisearch-1  Healthy
  Stack ready: pg :51269  qdrant :30705  meili :30209  rustfs :55565
app-06: questions=114 complete=114 remaining=0
app-06: failures=0
 Container pneuma-lcr2609-06-461f-qdrant-1  Stopping
 Container pneuma-lcr2609-06-461f-meilisearch-1  Stopping
 Container pneuma-lcr2609-06-461f-rustfs-1  Stopping
 Container pneuma-lcr2609-06-461f-postgres-1  Stopping
 Container pneuma-lcr2609-06-461f-meilisearch-1  Stopped
 Container pneuma-lcr2609-06-461f-meilisearch-1  Removing
 Container pneuma-lcr2609-06-461f-meilisearch-1  Removed
 Container pneuma-lcr2609-06-461f-rustfs-1  Stopped
 Container pneuma-lcr2609-06-461f-rustfs-1  Removing
 Container pneuma-lcr2609-06-461f-rustfs-1  Removed
 Container pneuma-lcr2609-06-461f-qdrant-1  Stopped
 Container pneuma-lcr2609-06-461f-qdrant-1  Removing
 Container pneuma-lcr2609-06-461f-qdrant-1  Removed
 Container pneuma-lcr2609-06-461f-postgres-1  Stopped
 Container pneuma-lcr2609-06-461f-postgres-1  Removing
 Container pneuma-lcr2609-06-461f-postgres-1  Removed
 Network pneuma-lcr2609-06-461f_default  Removing
 Network pneuma-lcr2609-06-461f_default  Removed
