== Starting the middleware stack (postgres / qdrant / meilisearch / rustfs) ==
 Network pneuma-lcr2609-05-7499_default  Creating
 Network pneuma-lcr2609-05-7499_default  Created
 Container pneuma-lcr2609-05-7499-postgres-1  Creating
 Container pneuma-lcr2609-05-7499-meilisearch-1  Creating
 Container pneuma-lcr2609-05-7499-rustfs-1  Creating
 Container pneuma-lcr2609-05-7499-qdrant-1  Creating
 Container pneuma-lcr2609-05-7499-qdrant-1  Created
 Container pneuma-lcr2609-05-7499-rustfs-1  Created
 Container pneuma-lcr2609-05-7499-meilisearch-1  Created
 Container pneuma-lcr2609-05-7499-postgres-1  Created
 Container pneuma-lcr2609-05-7499-rustfs-1  Starting
 Container pneuma-lcr2609-05-7499-postgres-1  Starting
 Container pneuma-lcr2609-05-7499-qdrant-1  Starting
 Container pneuma-lcr2609-05-7499-meilisearch-1  Starting
 Container pneuma-lcr2609-05-7499-rustfs-1  Started
 Container pneuma-lcr2609-05-7499-postgres-1  Started
 Container pneuma-lcr2609-05-7499-meilisearch-1  Started
 Container pneuma-lcr2609-05-7499-qdrant-1  Started
 Container pneuma-lcr2609-05-7499-meilisearch-1  Waiting
 Container pneuma-lcr2609-05-7499-rustfs-1  Waiting
 Container pneuma-lcr2609-05-7499-postgres-1  Waiting
 Container pneuma-lcr2609-05-7499-qdrant-1  Waiting
 Container pneuma-lcr2609-05-7499-meilisearch-1  Healthy
 Container pneuma-lcr2609-05-7499-rustfs-1  Healthy
 Container pneuma-lcr2609-05-7499-postgres-1  Healthy
 Container pneuma-lcr2609-05-7499-qdrant-1  Healthy
  Stack ready: pg :22926  qdrant :46750  meili :48010  rustfs :50253
app-05: questions=162 complete=0 remaining=162
app-05: answered=25/162
app-05: answered=50/162
app-05: answered=75/162
app-05: answered=100/162
app-05: answered=125/162
app-05: answered=150/162
app-05: answered=162/162
app-05: failures=0
 Container pneuma-lcr2609-05-7499-qdrant-1  Stopping
 Container pneuma-lcr2609-05-7499-postgres-1  Stopping
 Container pneuma-lcr2609-05-7499-meilisearch-1  Stopping
 Container pneuma-lcr2609-05-7499-rustfs-1  Stopping
 Container pneuma-lcr2609-05-7499-meilisearch-1  Stopped
 Container pneuma-lcr2609-05-7499-meilisearch-1  Removing
 Container pneuma-lcr2609-05-7499-meilisearch-1  Removed
 Container pneuma-lcr2609-05-7499-rustfs-1  Stopped
 Container pneuma-lcr2609-05-7499-rustfs-1  Removing
 Container pneuma-lcr2609-05-7499-rustfs-1  Removed
 Container pneuma-lcr2609-05-7499-postgres-1  Stopped
 Container pneuma-lcr2609-05-7499-postgres-1  Removing
 Container pneuma-lcr2609-05-7499-postgres-1  Removed
 Container pneuma-lcr2609-05-7499-qdrant-1  Stopped
 Container pneuma-lcr2609-05-7499-qdrant-1  Removing
 Container pneuma-lcr2609-05-7499-qdrant-1  Removed
 Network pneuma-lcr2609-05-7499_default  Removing
 Network pneuma-lcr2609-05-7499_default  Removed
== Starting the middleware stack (postgres / qdrant / meilisearch / rustfs) ==
 Network pneuma-lcr2609-05-7499_default  Creating
 Network pneuma-lcr2609-05-7499_default  Created
 Container pneuma-lcr2609-05-7499-rustfs-1  Creating
 Container pneuma-lcr2609-05-7499-postgres-1  Creating
 Container pneuma-lcr2609-05-7499-meilisearch-1  Creating
 Container pneuma-lcr2609-05-7499-qdrant-1  Creating
 Container pneuma-lcr2609-05-7499-meilisearch-1  Created
 Container pneuma-lcr2609-05-7499-rustfs-1  Created
 Container pneuma-lcr2609-05-7499-qdrant-1  Created
 Container pneuma-lcr2609-05-7499-postgres-1  Created
 Container pneuma-lcr2609-05-7499-meilisearch-1  Starting
 Container pneuma-lcr2609-05-7499-rustfs-1  Starting
 Container pneuma-lcr2609-05-7499-postgres-1  Starting
 Container pneuma-lcr2609-05-7499-qdrant-1  Starting
 Container pneuma-lcr2609-05-7499-meilisearch-1  Started
 Container pneuma-lcr2609-05-7499-qdrant-1  Started
 Container pneuma-lcr2609-05-7499-postgres-1  Started
 Container pneuma-lcr2609-05-7499-rustfs-1  Started
 Container pneuma-lcr2609-05-7499-rustfs-1  Waiting
 Container pneuma-lcr2609-05-7499-postgres-1  Waiting
 Container pneuma-lcr2609-05-7499-qdrant-1  Waiting
 Container pneuma-lcr2609-05-7499-meilisearch-1  Waiting
 Container pneuma-lcr2609-05-7499-qdrant-1  Healthy
 Container pneuma-lcr2609-05-7499-meilisearch-1  Healthy
 Container pneuma-lcr2609-05-7499-postgres-1  Healthy
 Container pneuma-lcr2609-05-7499-rustfs-1  Healthy
  Stack ready: pg :22926  qdrant :46750  meili :48010  rustfs :50253
app-05: questions=162 complete=162 remaining=0
app-05: failures=0
 Container pneuma-lcr2609-05-7499-meilisearch-1  Stopping
 Container pneuma-lcr2609-05-7499-postgres-1  Stopping
 Container pneuma-lcr2609-05-7499-qdrant-1  Stopping
 Container pneuma-lcr2609-05-7499-rustfs-1  Stopping
 Container pneuma-lcr2609-05-7499-rustfs-1  Stopped
 Container pneuma-lcr2609-05-7499-rustfs-1  Removing
 Container pneuma-lcr2609-05-7499-rustfs-1  Removed
 Container pneuma-lcr2609-05-7499-meilisearch-1  Stopped
 Container pneuma-lcr2609-05-7499-meilisearch-1  Removing
 Container pneuma-lcr2609-05-7499-meilisearch-1  Removed
 Container pneuma-lcr2609-05-7499-qdrant-1  Stopped
 Container pneuma-lcr2609-05-7499-qdrant-1  Removing
 Container pneuma-lcr2609-05-7499-qdrant-1  Removed
 Container pneuma-lcr2609-05-7499-postgres-1  Stopped
 Container pneuma-lcr2609-05-7499-postgres-1  Removing
 Container pneuma-lcr2609-05-7499-postgres-1  Removed
 Network pneuma-lcr2609-05-7499_default  Removing
 Network pneuma-lcr2609-05-7499_default  Removed
