== Starting the middleware stack (postgres / qdrant / meilisearch / rustfs) ==
 Network pneuma-lcr2609-08-e6f6_default  Creating
 Network pneuma-lcr2609-08-e6f6_default  Created
 Container pneuma-lcr2609-08-e6f6-rustfs-1  Creating
 Container pneuma-lcr2609-08-e6f6-qdrant-1  Creating
 Container pneuma-lcr2609-08-e6f6-postgres-1  Creating
 Container pneuma-lcr2609-08-e6f6-meilisearch-1  Creating
 Container pneuma-lcr2609-08-e6f6-qdrant-1  Created
 Container pneuma-lcr2609-08-e6f6-postgres-1  Created
 Container pneuma-lcr2609-08-e6f6-rustfs-1  Created
 Container pneuma-lcr2609-08-e6f6-meilisearch-1  Created
 Container pneuma-lcr2609-08-e6f6-qdrant-1  Starting
 Container pneuma-lcr2609-08-e6f6-rustfs-1  Starting
 Container pneuma-lcr2609-08-e6f6-postgres-1  Starting
 Container pneuma-lcr2609-08-e6f6-meilisearch-1  Starting
 Container pneuma-lcr2609-08-e6f6-postgres-1  Started
 Container pneuma-lcr2609-08-e6f6-rustfs-1  Started
 Container pneuma-lcr2609-08-e6f6-qdrant-1  Started
 Container pneuma-lcr2609-08-e6f6-meilisearch-1  Started
 Container pneuma-lcr2609-08-e6f6-rustfs-1  Waiting
 Container pneuma-lcr2609-08-e6f6-postgres-1  Waiting
 Container pneuma-lcr2609-08-e6f6-qdrant-1  Waiting
 Container pneuma-lcr2609-08-e6f6-meilisearch-1  Waiting
 Container pneuma-lcr2609-08-e6f6-qdrant-1  Healthy
 Container pneuma-lcr2609-08-e6f6-postgres-1  Healthy
 Container pneuma-lcr2609-08-e6f6-rustfs-1  Healthy
 Container pneuma-lcr2609-08-e6f6-meilisearch-1  Healthy
  Stack ready: pg :50650  qdrant :20672  meili :41771  rustfs :56376
app-08: questions=165 complete=0 remaining=165
app-08: answered=25/165
app-08: answered=50/165
app-08: answered=75/165
app-08: answered=100/165
app-08: answered=125/165
app-08: answered=150/165
app-08: answered=165/165
app-08: failures=0
 Container pneuma-lcr2609-08-e6f6-meilisearch-1  Stopping
 Container pneuma-lcr2609-08-e6f6-postgres-1  Stopping
 Container pneuma-lcr2609-08-e6f6-rustfs-1  Stopping
 Container pneuma-lcr2609-08-e6f6-qdrant-1  Stopping
 Container pneuma-lcr2609-08-e6f6-rustfs-1  Stopped
 Container pneuma-lcr2609-08-e6f6-rustfs-1  Removing
 Container pneuma-lcr2609-08-e6f6-rustfs-1  Removed
 Container pneuma-lcr2609-08-e6f6-meilisearch-1  Stopped
 Container pneuma-lcr2609-08-e6f6-meilisearch-1  Removing
 Container pneuma-lcr2609-08-e6f6-meilisearch-1  Removed
 Container pneuma-lcr2609-08-e6f6-qdrant-1  Stopped
 Container pneuma-lcr2609-08-e6f6-qdrant-1  Removing
 Container pneuma-lcr2609-08-e6f6-qdrant-1  Removed
 Container pneuma-lcr2609-08-e6f6-postgres-1  Stopped
 Container pneuma-lcr2609-08-e6f6-postgres-1  Removing
 Container pneuma-lcr2609-08-e6f6-postgres-1  Removed
 Network pneuma-lcr2609-08-e6f6_default  Removing
 Network pneuma-lcr2609-08-e6f6_default  Removed
== Starting the middleware stack (postgres / qdrant / meilisearch / rustfs) ==
 Network pneuma-lcr2609-08-e6f6_default  Creating
 Network pneuma-lcr2609-08-e6f6_default  Created
 Container pneuma-lcr2609-08-e6f6-postgres-1  Creating
 Container pneuma-lcr2609-08-e6f6-qdrant-1  Creating
 Container pneuma-lcr2609-08-e6f6-meilisearch-1  Creating
 Container pneuma-lcr2609-08-e6f6-rustfs-1  Creating
 Container pneuma-lcr2609-08-e6f6-rustfs-1  Created
 Container pneuma-lcr2609-08-e6f6-postgres-1  Created
 Container pneuma-lcr2609-08-e6f6-meilisearch-1  Created
 Container pneuma-lcr2609-08-e6f6-qdrant-1  Created
 Container pneuma-lcr2609-08-e6f6-rustfs-1  Starting
 Container pneuma-lcr2609-08-e6f6-postgres-1  Starting
 Container pneuma-lcr2609-08-e6f6-qdrant-1  Starting
 Container pneuma-lcr2609-08-e6f6-meilisearch-1  Starting
 Container pneuma-lcr2609-08-e6f6-meilisearch-1  Started
 Container pneuma-lcr2609-08-e6f6-rustfs-1  Started
 Container pneuma-lcr2609-08-e6f6-postgres-1  Started
 Container pneuma-lcr2609-08-e6f6-qdrant-1  Started
 Container pneuma-lcr2609-08-e6f6-postgres-1  Waiting
 Container pneuma-lcr2609-08-e6f6-qdrant-1  Waiting
 Container pneuma-lcr2609-08-e6f6-meilisearch-1  Waiting
 Container pneuma-lcr2609-08-e6f6-rustfs-1  Waiting
 Container pneuma-lcr2609-08-e6f6-meilisearch-1  Healthy
 Container pneuma-lcr2609-08-e6f6-postgres-1  Healthy
 Container pneuma-lcr2609-08-e6f6-rustfs-1  Healthy
 Container pneuma-lcr2609-08-e6f6-qdrant-1  Healthy
  Stack ready: pg :50650  qdrant :20672  meili :41771  rustfs :56376
app-08: questions=165 complete=165 remaining=0
app-08: failures=0
 Container pneuma-lcr2609-08-e6f6-rustfs-1  Stopping
 Container pneuma-lcr2609-08-e6f6-postgres-1  Stopping
 Container pneuma-lcr2609-08-e6f6-qdrant-1  Stopping
 Container pneuma-lcr2609-08-e6f6-meilisearch-1  Stopping
 Container pneuma-lcr2609-08-e6f6-postgres-1  Stopped
 Container pneuma-lcr2609-08-e6f6-postgres-1  Removing
 Container pneuma-lcr2609-08-e6f6-postgres-1  Removed
 Container pneuma-lcr2609-08-e6f6-rustfs-1  Stopped
 Container pneuma-lcr2609-08-e6f6-rustfs-1  Removing
 Container pneuma-lcr2609-08-e6f6-rustfs-1  Removed
 Container pneuma-lcr2609-08-e6f6-meilisearch-1  Stopped
 Container pneuma-lcr2609-08-e6f6-meilisearch-1  Removing
 Container pneuma-lcr2609-08-e6f6-meilisearch-1  Removed
 Container pneuma-lcr2609-08-e6f6-qdrant-1  Stopped
 Container pneuma-lcr2609-08-e6f6-qdrant-1  Removing
 Container pneuma-lcr2609-08-e6f6-qdrant-1  Removed
 Network pneuma-lcr2609-08-e6f6_default  Removing
 Network pneuma-lcr2609-08-e6f6_default  Removed
