== Starting the middleware stack (postgres / qdrant / meilisearch / rustfs) ==
 Network pneuma-lcr2609-07-934b_default  Creating
 Network pneuma-lcr2609-07-934b_default  Created
 Container pneuma-lcr2609-07-934b-meilisearch-1  Creating
 Container pneuma-lcr2609-07-934b-postgres-1  Creating
 Container pneuma-lcr2609-07-934b-qdrant-1  Creating
 Container pneuma-lcr2609-07-934b-rustfs-1  Creating
 Container pneuma-lcr2609-07-934b-meilisearch-1  Created
 Container pneuma-lcr2609-07-934b-qdrant-1  Created
 Container pneuma-lcr2609-07-934b-postgres-1  Created
 Container pneuma-lcr2609-07-934b-rustfs-1  Created
 Container pneuma-lcr2609-07-934b-qdrant-1  Starting
 Container pneuma-lcr2609-07-934b-postgres-1  Starting
 Container pneuma-lcr2609-07-934b-meilisearch-1  Starting
 Container pneuma-lcr2609-07-934b-rustfs-1  Starting
 Container pneuma-lcr2609-07-934b-rustfs-1  Started
 Container pneuma-lcr2609-07-934b-qdrant-1  Started
 Container pneuma-lcr2609-07-934b-postgres-1  Started
 Container pneuma-lcr2609-07-934b-meilisearch-1  Started
 Container pneuma-lcr2609-07-934b-meilisearch-1  Waiting
 Container pneuma-lcr2609-07-934b-rustfs-1  Waiting
 Container pneuma-lcr2609-07-934b-postgres-1  Waiting
 Container pneuma-lcr2609-07-934b-qdrant-1  Waiting
 Container pneuma-lcr2609-07-934b-qdrant-1  Healthy
 Container pneuma-lcr2609-07-934b-rustfs-1  Healthy
 Container pneuma-lcr2609-07-934b-postgres-1  Healthy
 Container pneuma-lcr2609-07-934b-meilisearch-1  Healthy
  Stack ready: pg :46576  qdrant :44994  meili :40537  rustfs :56517
app-07: questions=137 complete=0 remaining=137
app-07: answered=25/137
app-07: answered=50/137
app-07: answered=75/137
app-07: answered=100/137
app-07: answered=125/137
app-07: answered=137/137
app-07: failures=0
 Container pneuma-lcr2609-07-934b-qdrant-1  Stopping
 Container pneuma-lcr2609-07-934b-postgres-1  Stopping
 Container pneuma-lcr2609-07-934b-rustfs-1  Stopping
 Container pneuma-lcr2609-07-934b-meilisearch-1  Stopping
 Container pneuma-lcr2609-07-934b-meilisearch-1  Stopped
 Container pneuma-lcr2609-07-934b-meilisearch-1  Removing
 Container pneuma-lcr2609-07-934b-meilisearch-1  Removed
 Container pneuma-lcr2609-07-934b-rustfs-1  Stopped
 Container pneuma-lcr2609-07-934b-rustfs-1  Removing
 Container pneuma-lcr2609-07-934b-rustfs-1  Removed
 Container pneuma-lcr2609-07-934b-qdrant-1  Stopped
 Container pneuma-lcr2609-07-934b-qdrant-1  Removing
 Container pneuma-lcr2609-07-934b-qdrant-1  Removed
 Container pneuma-lcr2609-07-934b-postgres-1  Stopped
 Container pneuma-lcr2609-07-934b-postgres-1  Removing
 Container pneuma-lcr2609-07-934b-postgres-1  Removed
 Network pneuma-lcr2609-07-934b_default  Removing
 Network pneuma-lcr2609-07-934b_default  Removed
== Starting the middleware stack (postgres / qdrant / meilisearch / rustfs) ==
 Network pneuma-lcr2609-07-934b_default  Creating
 Network pneuma-lcr2609-07-934b_default  Created
 Container pneuma-lcr2609-07-934b-meilisearch-1  Creating
 Container pneuma-lcr2609-07-934b-rustfs-1  Creating
 Container pneuma-lcr2609-07-934b-qdrant-1  Creating
 Container pneuma-lcr2609-07-934b-postgres-1  Creating
 Container pneuma-lcr2609-07-934b-qdrant-1  Created
 Container pneuma-lcr2609-07-934b-rustfs-1  Created
 Container pneuma-lcr2609-07-934b-meilisearch-1  Created
 Container pneuma-lcr2609-07-934b-postgres-1  Created
 Container pneuma-lcr2609-07-934b-meilisearch-1  Starting
 Container pneuma-lcr2609-07-934b-rustfs-1  Starting
 Container pneuma-lcr2609-07-934b-postgres-1  Starting
 Container pneuma-lcr2609-07-934b-qdrant-1  Starting
 Container pneuma-lcr2609-07-934b-rustfs-1  Started
 Container pneuma-lcr2609-07-934b-postgres-1  Started
 Container pneuma-lcr2609-07-934b-qdrant-1  Started
 Container pneuma-lcr2609-07-934b-meilisearch-1  Started
 Container pneuma-lcr2609-07-934b-qdrant-1  Waiting
 Container pneuma-lcr2609-07-934b-meilisearch-1  Waiting
 Container pneuma-lcr2609-07-934b-rustfs-1  Waiting
 Container pneuma-lcr2609-07-934b-postgres-1  Waiting
 Container pneuma-lcr2609-07-934b-rustfs-1  Healthy
 Container pneuma-lcr2609-07-934b-postgres-1  Healthy
 Container pneuma-lcr2609-07-934b-qdrant-1  Healthy
 Container pneuma-lcr2609-07-934b-meilisearch-1  Healthy
  Stack ready: pg :46576  qdrant :44994  meili :40537  rustfs :56517
app-07: questions=137 complete=137 remaining=0
app-07: failures=0
 Container pneuma-lcr2609-07-934b-postgres-1  Stopping
 Container pneuma-lcr2609-07-934b-qdrant-1  Stopping
 Container pneuma-lcr2609-07-934b-meilisearch-1  Stopping
 Container pneuma-lcr2609-07-934b-rustfs-1  Stopping
 Container pneuma-lcr2609-07-934b-meilisearch-1  Stopped
 Container pneuma-lcr2609-07-934b-meilisearch-1  Removing
 Container pneuma-lcr2609-07-934b-meilisearch-1  Removed
 Container pneuma-lcr2609-07-934b-rustfs-1  Stopped
 Container pneuma-lcr2609-07-934b-rustfs-1  Removing
 Container pneuma-lcr2609-07-934b-rustfs-1  Removed
 Container pneuma-lcr2609-07-934b-postgres-1  Stopped
 Container pneuma-lcr2609-07-934b-postgres-1  Removing
 Container pneuma-lcr2609-07-934b-postgres-1  Removed
 Container pneuma-lcr2609-07-934b-qdrant-1  Stopped
 Container pneuma-lcr2609-07-934b-qdrant-1  Removing
 Container pneuma-lcr2609-07-934b-qdrant-1  Removed
 Network pneuma-lcr2609-07-934b_default  Removing
 Network pneuma-lcr2609-07-934b_default  Removed
