== Starting the middleware stack (postgres / qdrant / meilisearch / rustfs) ==
 Network pneuma-lcr2609-01-5da3_default  Creating
 Network pneuma-lcr2609-01-5da3_default  Created
 Container pneuma-lcr2609-01-5da3-rustfs-1  Creating
 Container pneuma-lcr2609-01-5da3-qdrant-1  Creating
 Container pneuma-lcr2609-01-5da3-meilisearch-1  Creating
 Container pneuma-lcr2609-01-5da3-postgres-1  Creating
 Container pneuma-lcr2609-01-5da3-rustfs-1  Created
 Container pneuma-lcr2609-01-5da3-meilisearch-1  Created
 Container pneuma-lcr2609-01-5da3-qdrant-1  Created
 Container pneuma-lcr2609-01-5da3-postgres-1  Created
 Container pneuma-lcr2609-01-5da3-qdrant-1  Starting
 Container pneuma-lcr2609-01-5da3-meilisearch-1  Starting
 Container pneuma-lcr2609-01-5da3-rustfs-1  Starting
 Container pneuma-lcr2609-01-5da3-postgres-1  Starting
 Container pneuma-lcr2609-01-5da3-rustfs-1  Started
 Container pneuma-lcr2609-01-5da3-meilisearch-1  Started
 Container pneuma-lcr2609-01-5da3-qdrant-1  Started
 Container pneuma-lcr2609-01-5da3-postgres-1  Started
 Container pneuma-lcr2609-01-5da3-postgres-1  Waiting
 Container pneuma-lcr2609-01-5da3-qdrant-1  Waiting
 Container pneuma-lcr2609-01-5da3-meilisearch-1  Waiting
 Container pneuma-lcr2609-01-5da3-rustfs-1  Waiting
 Container pneuma-lcr2609-01-5da3-qdrant-1  Healthy
 Container pneuma-lcr2609-01-5da3-rustfs-1  Healthy
 Container pneuma-lcr2609-01-5da3-meilisearch-1  Healthy
 Container pneuma-lcr2609-01-5da3-postgres-1  Healthy
  Stack ready: pg :49915  qdrant :33670  meili :21481  rustfs :49106
app-01: questions=138 complete=0 remaining=138
app-01: answered=25/138
app-01: answered=50/138
app-01: answered=75/138
app-01: answered=100/138
app-01: answered=125/138
app-01: answered=138/138
app-01: failures=0
 Container pneuma-lcr2609-01-5da3-qdrant-1  Stopping
 Container pneuma-lcr2609-01-5da3-postgres-1  Stopping
 Container pneuma-lcr2609-01-5da3-meilisearch-1  Stopping
 Container pneuma-lcr2609-01-5da3-rustfs-1  Stopping
 Container pneuma-lcr2609-01-5da3-meilisearch-1  Stopped
 Container pneuma-lcr2609-01-5da3-meilisearch-1  Removing
 Container pneuma-lcr2609-01-5da3-meilisearch-1  Removed
 Container pneuma-lcr2609-01-5da3-qdrant-1  Stopped
 Container pneuma-lcr2609-01-5da3-qdrant-1  Removing
 Container pneuma-lcr2609-01-5da3-qdrant-1  Removed
 Container pneuma-lcr2609-01-5da3-rustfs-1  Stopped
 Container pneuma-lcr2609-01-5da3-rustfs-1  Removing
 Container pneuma-lcr2609-01-5da3-rustfs-1  Removed
 Container pneuma-lcr2609-01-5da3-postgres-1  Stopped
 Container pneuma-lcr2609-01-5da3-postgres-1  Removing
 Container pneuma-lcr2609-01-5da3-postgres-1  Removed
 Network pneuma-lcr2609-01-5da3_default  Removing
 Network pneuma-lcr2609-01-5da3_default  Removed
== Starting the middleware stack (postgres / qdrant / meilisearch / rustfs) ==
 Network pneuma-lcr2609-01-5da3_default  Creating
 Network pneuma-lcr2609-01-5da3_default  Created
 Container pneuma-lcr2609-01-5da3-postgres-1  Creating
 Container pneuma-lcr2609-01-5da3-qdrant-1  Creating
 Container pneuma-lcr2609-01-5da3-meilisearch-1  Creating
 Container pneuma-lcr2609-01-5da3-rustfs-1  Creating
 Container pneuma-lcr2609-01-5da3-qdrant-1  Created
 Container pneuma-lcr2609-01-5da3-meilisearch-1  Created
 Container pneuma-lcr2609-01-5da3-postgres-1  Created
 Container pneuma-lcr2609-01-5da3-rustfs-1  Created
 Container pneuma-lcr2609-01-5da3-postgres-1  Starting
 Container pneuma-lcr2609-01-5da3-meilisearch-1  Starting
 Container pneuma-lcr2609-01-5da3-qdrant-1  Starting
 Container pneuma-lcr2609-01-5da3-rustfs-1  Starting
 Container pneuma-lcr2609-01-5da3-rustfs-1  Started
 Container pneuma-lcr2609-01-5da3-qdrant-1  Started
 Container pneuma-lcr2609-01-5da3-postgres-1  Started
 Container pneuma-lcr2609-01-5da3-meilisearch-1  Started
 Container pneuma-lcr2609-01-5da3-postgres-1  Waiting
 Container pneuma-lcr2609-01-5da3-qdrant-1  Waiting
 Container pneuma-lcr2609-01-5da3-meilisearch-1  Waiting
 Container pneuma-lcr2609-01-5da3-rustfs-1  Waiting
 Container pneuma-lcr2609-01-5da3-qdrant-1  Healthy
 Container pneuma-lcr2609-01-5da3-rustfs-1  Healthy
 Container pneuma-lcr2609-01-5da3-postgres-1  Healthy
 Container pneuma-lcr2609-01-5da3-meilisearch-1  Healthy
  Stack ready: pg :49915  qdrant :33670  meili :21481  rustfs :49106
app-01: questions=138 complete=138 remaining=0
app-01: failures=0
 Container pneuma-lcr2609-01-5da3-qdrant-1  Stopping
 Container pneuma-lcr2609-01-5da3-rustfs-1  Stopping
 Container pneuma-lcr2609-01-5da3-postgres-1  Stopping
 Container pneuma-lcr2609-01-5da3-meilisearch-1  Stopping
 Container pneuma-lcr2609-01-5da3-rustfs-1  Stopped
 Container pneuma-lcr2609-01-5da3-rustfs-1  Removing
 Container pneuma-lcr2609-01-5da3-rustfs-1  Removed
 Container pneuma-lcr2609-01-5da3-meilisearch-1  Stopped
 Container pneuma-lcr2609-01-5da3-meilisearch-1  Removing
 Container pneuma-lcr2609-01-5da3-meilisearch-1  Removed
 Container pneuma-lcr2609-01-5da3-postgres-1  Stopped
 Container pneuma-lcr2609-01-5da3-postgres-1  Removing
 Container pneuma-lcr2609-01-5da3-postgres-1  Removed
 Container pneuma-lcr2609-01-5da3-qdrant-1  Stopped
 Container pneuma-lcr2609-01-5da3-qdrant-1  Removing
 Container pneuma-lcr2609-01-5da3-qdrant-1  Removed
 Network pneuma-lcr2609-01-5da3_default  Removing
 Network pneuma-lcr2609-01-5da3_default  Removed
