2026-08-06T12:54:12Z [app-10] START answering conversation idx=9 style=concise
== Starting the middleware stack (postgres / qdrant / meilisearch) ==
 Container pneuma-lcr-10-3f8d-meilisearch-1  Running
 Container pneuma-lcr-10-3f8d-postgres-1  Running
 Container pneuma-lcr-10-3f8d-qdrant-1  Running
 Container pneuma-lcr-10-3f8d-postgres-1  Waiting
 Container pneuma-lcr-10-3f8d-qdrant-1  Waiting
 Container pneuma-lcr-10-3f8d-meilisearch-1  Waiting
 Container pneuma-lcr-10-3f8d-qdrant-1  Healthy
 Container pneuma-lcr-10-3f8d-meilisearch-1  Healthy
 Container pneuma-lcr-10-3f8d-postgres-1  Healthy
  Stack ready: pg :22323  qdrant :40896  meili :42123
app-10: 144 questions, 0 already answered, 144 to go
app-10: 25/144 answered
app-10: 50/144 answered
app-10: 75/144 answered
app-10: 100/144 answered
app-10: 125/144 answered
app-10: 144/144 answered
app-10: finished, 0 give-ups
2026-08-06T13:36:26Z [app-10] FINISH answering conversation idx=9 rc=0
