2026-08-06T12:05:24Z [app-05] START answering conversation idx=4 style=concise
== Starting the middleware stack (postgres / qdrant / meilisearch) ==
 Container pneuma-lcr-05-0ebd-qdrant-1  Running
 Container pneuma-lcr-05-0ebd-meilisearch-1  Running
 Container pneuma-lcr-05-0ebd-postgres-1  Running
 Container pneuma-lcr-05-0ebd-meilisearch-1  Waiting
 Container pneuma-lcr-05-0ebd-postgres-1  Waiting
 Container pneuma-lcr-05-0ebd-qdrant-1  Waiting
 Container pneuma-lcr-05-0ebd-postgres-1  Healthy
 Container pneuma-lcr-05-0ebd-qdrant-1  Healthy
 Container pneuma-lcr-05-0ebd-meilisearch-1  Healthy
  Stack ready: pg :56311  qdrant :29376  meili :43665
app-05: 162 questions, 0 already answered, 162 to go
app-05: 25/162 answered
app-05: 50/162 answered
app-05: 75/162 answered
app-05: 100/162 answered
app-05: 125/162 answered
app-05: 150/162 answered
app-05: 162/162 answered
app-05: finished, 0 give-ups
2026-08-06T12:49:16Z [app-05] FINISH answering conversation idx=4 rc=0
