2026-08-06T12:49:16Z [app-09] START answering conversation idx=8 style=concise
== Starting the middleware stack (postgres / qdrant / meilisearch) ==
 Container pneuma-lcr-09-e01f-meilisearch-1  Running
 Container pneuma-lcr-09-e01f-qdrant-1  Running
 Container pneuma-lcr-09-e01f-postgres-1  Running
 Container pneuma-lcr-09-e01f-postgres-1  Waiting
 Container pneuma-lcr-09-e01f-qdrant-1  Waiting
 Container pneuma-lcr-09-e01f-meilisearch-1  Waiting
 Container pneuma-lcr-09-e01f-qdrant-1  Healthy
 Container pneuma-lcr-09-e01f-postgres-1  Healthy
 Container pneuma-lcr-09-e01f-meilisearch-1  Healthy
  Stack ready: pg :52004  qdrant :29146  meili :55372
app-09: 135 questions, 0 already answered, 135 to go
app-09: 25/135 answered
app-09: 50/135 answered
app-09: 75/135 answered
app-09: 100/135 answered
app-09: 125/135 answered
app-09: 135/135 answered
app-09: finished, 0 give-ups
2026-08-06T13:30:44Z [app-09] FINISH answering conversation idx=8 rc=0
