2026-08-06T12:05:24Z [app-03] START answering conversation idx=2 style=concise
== Starting the middleware stack (postgres / qdrant / meilisearch) ==
 Container pneuma-lcr-03-49e0-postgres-1  Running
 Container pneuma-lcr-03-49e0-qdrant-1  Running
 Container pneuma-lcr-03-49e0-meilisearch-1  Running
 Container pneuma-lcr-03-49e0-postgres-1  Waiting
 Container pneuma-lcr-03-49e0-qdrant-1  Waiting
 Container pneuma-lcr-03-49e0-meilisearch-1  Waiting
 Container pneuma-lcr-03-49e0-postgres-1  Healthy
 Container pneuma-lcr-03-49e0-qdrant-1  Healthy
 Container pneuma-lcr-03-49e0-meilisearch-1  Healthy
  Stack ready: pg :50819  qdrant :48247  meili :41550
app-03: 136 questions, 0 already answered, 136 to go
app-03: 25/136 answered
app-03: 50/136 answered
app-03: 75/136 answered
app-03: 100/136 answered
app-03: 125/136 answered
app-03: 136/136 answered
app-03: finished, 0 give-ups
2026-08-06T12:43:31Z [app-03] FINISH answering conversation idx=2 rc=0
