2026-08-06T12:05:24Z [app-01] START answering conversation idx=0 style=concise
== Starting the middleware stack (postgres / qdrant / meilisearch) ==
 Container pneuma-lcr-01-ca51-postgres-1  Running
 Container pneuma-lcr-01-ca51-qdrant-1  Running
 Container pneuma-lcr-01-ca51-meilisearch-1  Running
 Container pneuma-lcr-01-ca51-meilisearch-1  Waiting
 Container pneuma-lcr-01-ca51-postgres-1  Waiting
 Container pneuma-lcr-01-ca51-qdrant-1  Waiting
 Container pneuma-lcr-01-ca51-postgres-1  Healthy
 Container pneuma-lcr-01-ca51-qdrant-1  Healthy
 Container pneuma-lcr-01-ca51-meilisearch-1  Healthy
  Stack ready: pg :44413  qdrant :22050  meili :42109
app-01: 138 questions, 0 already answered, 138 to go
app-01: 25/138 answered
app-01: 50/138 answered
app-01: 75/138 answered
app-01: 100/138 answered
app-01: 125/138 answered
app-01: 138/138 answered
app-01: finished, 0 give-ups
2026-08-06T12:44:10Z [app-01] FINISH answering conversation idx=0 rc=0
