2026-08-06T12:43:31Z [app-07] START answering conversation idx=6 style=concise
== Starting the middleware stack (postgres / qdrant / meilisearch) ==
 Container pneuma-lcr-07-7628-postgres-1  Running
 Container pneuma-lcr-07-7628-qdrant-1  Running
 Container pneuma-lcr-07-7628-meilisearch-1  Running
 Container pneuma-lcr-07-7628-qdrant-1  Waiting
 Container pneuma-lcr-07-7628-meilisearch-1  Waiting
 Container pneuma-lcr-07-7628-postgres-1  Waiting
 Container pneuma-lcr-07-7628-meilisearch-1  Healthy
 Container pneuma-lcr-07-7628-postgres-1  Healthy
 Container pneuma-lcr-07-7628-qdrant-1  Healthy
  Stack ready: pg :55371  qdrant :47540  meili :22166
app-07: 137 questions, 0 already answered, 137 to go
app-07: 25/137 answered
app-07: 50/137 answered
app-07: 75/137 answered
app-07: 100/137 answered
app-07: 125/137 answered
app-07: 137/137 answered
app-07: finished, 0 give-ups
2026-08-06T13:18:48Z [app-07] FINISH answering conversation idx=6 rc=0
