2026-08-06T12:05:24Z [app-04] START answering conversation idx=3 style=concise
== Starting the middleware stack (postgres / qdrant / meilisearch) ==
 Container pneuma-lcr-04-9491-meilisearch-1  Running
 Container pneuma-lcr-04-9491-postgres-1  Running
 Container pneuma-lcr-04-9491-qdrant-1  Running
 Container pneuma-lcr-04-9491-postgres-1  Waiting
 Container pneuma-lcr-04-9491-qdrant-1  Waiting
 Container pneuma-lcr-04-9491-meilisearch-1  Waiting
 Container pneuma-lcr-04-9491-qdrant-1  Healthy
 Container pneuma-lcr-04-9491-postgres-1  Healthy
 Container pneuma-lcr-04-9491-meilisearch-1  Healthy
  Stack ready: pg :37838  qdrant :24758  meili :29867
app-04: 179 questions, 0 already answered, 179 to go
app-04: 25/179 answered
app-04: 50/179 answered
app-04: 75/179 answered
app-04: 100/179 answered
app-04: 125/179 answered
app-04: 150/179 answered
app-04: 175/179 answered
app-04: 179/179 answered
app-04: finished, 0 give-ups
2026-08-06T12:54:12Z [app-04] FINISH answering conversation idx=3 rc=0
