2026-08-06T12:27:34Z [app-06] START answering conversation idx=5 style=concise
== Starting the middleware stack (postgres / qdrant / meilisearch) ==
 Container pneuma-lcr-06-60cf-postgres-1  Running
 Container pneuma-lcr-06-60cf-qdrant-1  Running
 Container pneuma-lcr-06-60cf-meilisearch-1  Running
 Container pneuma-lcr-06-60cf-postgres-1  Waiting
 Container pneuma-lcr-06-60cf-qdrant-1  Waiting
 Container pneuma-lcr-06-60cf-meilisearch-1  Waiting
 Container pneuma-lcr-06-60cf-qdrant-1  Healthy
 Container pneuma-lcr-06-60cf-meilisearch-1  Healthy
 Container pneuma-lcr-06-60cf-postgres-1  Healthy
  Stack ready: pg :34663  qdrant :58485  meili :28995
app-06: 114 questions, 0 already answered, 114 to go
app-06: 25/114 answered
app-06: 50/114 answered
app-06: 75/114 answered
app-06: 100/114 answered
app-06: 114/114 answered
app-06: finished, 0 give-ups
2026-08-06T12:56:47Z [app-06] FINISH answering conversation idx=5 rc=0
