2026-08-06T12:44:10Z [app-08] START answering conversation idx=7 style=concise
== Starting the middleware stack (postgres / qdrant / meilisearch) ==
 Container pneuma-lcr-08-e243-postgres-1  Running
 Container pneuma-lcr-08-e243-qdrant-1  Running
 Container pneuma-lcr-08-e243-meilisearch-1  Running
 Container pneuma-lcr-08-e243-qdrant-1  Waiting
 Container pneuma-lcr-08-e243-meilisearch-1  Waiting
 Container pneuma-lcr-08-e243-postgres-1  Waiting
 Container pneuma-lcr-08-e243-qdrant-1  Healthy
 Container pneuma-lcr-08-e243-postgres-1  Healthy
 Container pneuma-lcr-08-e243-meilisearch-1  Healthy
  Stack ready: pg :33505  qdrant :23153  meili :59102
app-08: 165 questions, 0 already answered, 165 to go
app-08: 25/165 answered
app-08: 50/165 answered
app-08: 75/165 answered
app-08: 100/165 answered
app-08: 125/165 answered
app-08: 150/165 answered
app-08: 165/165 answered
app-08: finished, 0 give-ups
2026-08-06T13:32:35Z [app-08] FINISH answering conversation idx=7 rc=0
